[themewant.com/products/html/dinenos/index.html]
[themewant.com/products/html/dinenos/assets/images/fav.svg]
[backblue.gif]
[fade.gif]
[index.html]
[themewant.com/products/html/dinenos/assets/css/plugins/swiper.css]
[themewant.com/products/html/dinenos/assets/css/plugins/unicons.css]
[themewant.com/products/html/dinenos/assets/css/plugins/metismenu.css]
[themewant.com/products/html/dinenos/assets/css/plugins/fontawesome-5.css]
[themewant.com/products/html/dinenos/assets/css/plugins/magnific-popup.css]
[themewant.com/products/html/dinenos/assets/css/plugins/timepickers.min.css]
[themewant.com/products/html/dinenos/assets/css/plugins/aos.css]
[themewant.com/products/html/dinenos/assets/css/plugins/hover-revel.css]
[themewant.com/products/html/dinenos/assets/images/logo/01.svg]
[themewant.com/products/html/dinenos/assets/css/vendor/bootstrap.min.css]
[themewant.com/products/html/dinenos/assets/css/style.css]
[themewant.com/products/html/dinenos/index-two.html]
[themewant.com/products/html/dinenos/index-five.html]
[themewant.com/products/html/dinenos/index-six.html]
[themewant.com/products/html/dinenos/index-four.html]
[themewant.com/products/html/dinenos/index-three.html]
[themewant.com/products/html/dinenos/index-seven.html]
[themewant.com/products/html/dinenos/index-eight.html]
[themewant.com/products/html/dinenos/about.html]
[themewant.com/products/html/dinenos/our-chef.html]
[themewant.com/products/html/dinenos/meet-the-chef.html]
[themewant.com/products/html/dinenos/reservation.html]
[themewant.com/products/html/dinenos/contact.html]
[themewant.com/products/html/dinenos/menu.html]
[themewant.com/products/html/dinenos/assets/images/project/menu-1.webp]
[themewant.com/products/html/dinenos/menu-list.html]
[themewant.com/products/html/dinenos/assets/images/project/menu-2.webp]
[themewant.com/products/html/dinenos/menu-list2.html]
[themewant.com/products/html/dinenos/assets/images/project/menu-3.webp]
[themewant.com/products/html/dinenos/menu-section.html]
[themewant.com/products/html/dinenos/assets/images/project/menu-4.webp]
[themewant.com/products/html/dinenos/shop.html]
[themewant.com/products/html/dinenos/shop-details.html]
[themewant.com/products/html/dinenos/cart.html]
[themewant.com/products/html/dinenos/checkout.html]
[themewant.com/products/html/dinenos/account.html]
[themewant.com/products/html/dinenos/blog.html]
[themewant.com/products/html/dinenos/blog-details.html]
[themewant.com/products/html/dinenos/mail-to_office@webmailfree.com]
[themewant.com/products/html/dinenos/mail-to_info@webmail.com]
[themewant.com/products/html/dinenos/assets/images/about/about1.png]
[themewant.com/products/html/dinenos/assets/images/about/line-shape-1.webp]
[themewant.com/products/html/dinenos/assets/images/about/about2.jpg]
[themewant.com/products/html/dinenos/assets/images/about/round.png]
[themewant.com/products/html/dinenos/assets/images/about/title-shape.png]
[themewant.com/products/html/dinenos/assets/images/project/vector1.webp]
[themewant.com/products/html/dinenos/assets/images/project/vector2.webp]
[themewant.com/products/html/dinenos/assets/images/project/01.jpg]
[themewant.com/products/html/dinenos/assets/images/project/02.jpg]
[themewant.com/products/html/dinenos/assets/images/project/03.jpg]
[themewant.com/products/html/dinenos/assets/images/project/04.jpg]
[themewant.com/products/html/dinenos/assets/images/contact/overly-line.webp]
[themewant.com/products/html/dinenos/assets/images/contact/bg-01.jpg]
[themewant.com/products/html/dinenos/assets/images/project/vector4.webp]
[themewant.com/products/html/dinenos/assets/images/project/vector3.webp]
[themewant.com/products/html/dinenos/assets/images/project/sm-01.jpg]
[themewant.com/products/html/dinenos/assets/images/project/sm-02.jpg]
[themewant.com/products/html/dinenos/assets/images/project/sm-03.jpg]
[themewant.com/products/html/dinenos/assets/images/project/sm-04.jpg]
[themewant.com/products/html/dinenos/assets/images/project/sm-05.jpg]
[themewant.com/products/html/dinenos/assets/images/project/sm-06.jpg]
[themewant.com/products/html/dinenos/assets/images/project/sm-07.jpg]
[themewant.com/products/html/dinenos/assets/images/project/sm-08.jpg]
[themewant.com/products/html/dinenos/assets/images/gallery/gallery-img-01.jpg]
[themewant.com/products/html/dinenos/assets/images/gallery/gallery-img-02.jpg]
[themewant.com/products/html/dinenos/assets/images/gallery/gallery-img-03.jpg]
[themewant.com/products/html/dinenos/assets/images/gallery/gallery-img-04.jpg]
[themewant.com/products/html/dinenos/assets/images/blog/blog-01.jpg]
[themewant.com/products/html/dinenos/assets/images/blog/blog-02.jpg]
[themewant.com/products/html/dinenos/assets/images/blog/blog-03.jpg]
[themewant.com/products/html/dinenos/assets/images/blog/blog-04.jpg]
[themewant.com/products/html/dinenos/assets/images/brand/01.png]
[themewant.com/products/html/dinenos/assets/images/brand/02.png]
[themewant.com/products/html/dinenos/assets/images/brand/03.png]
[themewant.com/products/html/dinenos/assets/images/brand/04.png]
[themewant.com/products/html/dinenos/assets/images/brand/05.png]
[themewant.com/products/html/dinenos/assets/images/footer/vector5.webp]
[themewant.com/products/html/dinenos/assets/images/footer/vector6.webp]
[themewant.com/products/html/dinenos/assets/images/gallery/sm-01.jpg]
[themewant.com/products/html/dinenos/assets/images/gallery/sm-02.jpg]
[themewant.com/products/html/dinenos/assets/images/gallery/sm-03.jpg]
[themewant.com/products/html/dinenos/assets/images/gallery/sm-04.jpg]
[themewant.com/products/html/dinenos/assets/images/gallery/sm-05.jpg]
[themewant.com/products/html/dinenos/assets/images/gallery/sm-06.jpg]
[themewant.com/products/html/dinenos/assets/js/plugins/counter-up.js]
[themewant.com/products/html/dinenos/assets/js/plugins/jquery.min.js]
[themewant.com/products/html/dinenos/assets/js/plugins/swiper.js]
[themewant.com/products/html/dinenos/assets/js/vendor/twinmax.js]
[themewant.com/products/html/dinenos/assets/js/vendor/jqueryui.js]
[themewant.com/products/html/dinenos/assets/js/vendor/aos.js]
[themewant.com/products/html/dinenos/assets/js/vendor/isotope.pkgd.min.js]
[themewant.com/products/html/dinenos/assets/js/vendor/split-text.js]
[themewant.com/products/html/dinenos/assets/js/plugins/text-plugins.js]
[themewant.com/products/html/dinenos/assets/js/plugins/metismenu.js]
[themewant.com/products/html/dinenos/assets/js/plugins/waypoint.js]
[themewant.com/products/html/dinenos/assets/js/vendor/metisMenu.min.js]
[themewant.com/products/html/dinenos/assets/js/vendor/wow.js]
[themewant.com/products/html/dinenos/assets/js/plugins/magnific-popup.js]
[themewant.com/products/html/dinenos/assets/js/plugins/jquery-timepicker.js]
[themewant.com/products/html/dinenos/assets/js/vendor/sal.min.js]
[themewant.com/products/html/dinenos/assets/js/plugins/jquery-slideNav.js]
[themewant.com/products/html/dinenos/assets/js/plugins/bootstrap.min.js]
[themewant.com/products/html/dinenos/assets/js/vendor/hover-revel.js]
[themewant.com/products/html/dinenos/assets/js/plugins/swip-img.js]
[themewant.com/products/html/dinenos/index.html]
[themewant.com/products/html/dinenos/assets/images/fav.svg]
[themewant.com/products/html/dinenos/assets/js/main.js]
[themewant.com/products/html/dinenos/assets/fonts/fa-brands-400.woff2]
[themewant.com/products/html/dinenos/assets/fonts/fa-brands-400.ttf]
[themewant.com/products/html/dinenos/assets/fonts/fa-duotone-900.woff2]
[themewant.com/products/html/dinenos/assets/js/plugins/jquery-ui.js]
[themewant.com/products/html/dinenos/assets/fonts/fa-light-300.woff2]
[themewant.com/products/html/dinenos/assets/fonts/fa-regular-400.woff2]
[themewant.com/products/html/dinenos/assets/fonts/fa-solid-900.woff2]
[themewant.com/products/html/dinenos/assets/fonts/fa-duotone-900.ttf]
[themewant.com/products/html/dinenos/assets/fonts/fa-light-300.ttf]
[themewant.com/products/html/dinenos/assets/fonts/fa-thin-100.woff2]
[themewant.com/products/html/dinenos/assets/fonts/fa-regular-400.ttf]
[themewant.com/products/html/dinenos/assets/fonts/fa-solid-900.ttf]
[themewant.com/products/html/dinenos/assets/fonts/fa-v4compatibility.woff2]
[themewant.com/products/html/dinenos/assets/fonts/fa-v4compatibility.ttf]
[themewant.com/products/html/dinenos/assets/css/plugins/fontawesome-5.css]
[themewant.com/products/html/dinenos/assets/css/plugins/swiper.css]
[themewant.com/products/html/dinenos/assets/css/plugins/unicons.css]
[themewant.com/products/html/dinenos/assets/css/plugins/metismenu.css]
[themewant.com/products/html/dinenos/assets/css/plugins/magnific-popup.css]
[themewant.com/products/html/dinenos/assets/css/plugins/timepickers.min.css]
[themewant.com/products/html/dinenos/assets/css/plugins/aos.css]
[themewant.com/products/html/dinenos/assets/css/plugins/hover-revel.css]
[themewant.com/products/html/dinenos/assets/css/vendor/bootstrap.min.css]
[themewant.com/products/html/dinenos/assets/images/bg/bg-image-1.webp]
[themewant.com/products/html/dinenos/assets/images/bg/bg-image-2.webp]
[themewant.com/products/html/dinenos/assets/images/bg/bg-image-3.webp]
[themewant.com/products/html/dinenos/assets/images/bg/bg-image-4.webp]
[themewant.com/products/html/dinenos/assets/images/bg/bg-image-5.webp]
[themewant.com/products/html/dinenos/assets/images/bg/bg-image-6.webp]
[themewant.com/products/html/dinenos/assets/images/bg/bg-image-7.80.delayed]
[themewant.com/products/html/dinenos/assets/images/bg/bg-image-8.webp]
[themewant.com/products/html/dinenos/assets/images/bg/bg-image-9.webp]
[themewant.com/products/html/dinenos/assets/fonts/fa-thin-100.ttf]
[themewant.com/products/html/dinenos/assets/images/bg/bg-image-10.webp]
[themewant.com/products/html/dinenos/assets/images/bg/bg-image-11.webp]
[themewant.com/products/html/dinenos/assets/images/bg/bg-image-12.webp]
[themewant.com/products/html/dinenos/assets/images/bg/bg-image-13.webp]
[themewant.com/products/html/dinenos/assets/images/bg/bg-image-14.webp]
[themewant.com/products/html/dinenos/assets/images/bg/bg-image-15.webp]
[themewant.com/products/html/dinenos/assets/images/bg/bg-image-16.webp]
[themewant.com/products/html/dinenos/assets/images/bg/bg-image-17.webp]
[themewant.com/products/html/dinenos/assets/images/bg/bg-image-18.webp]
[themewant.com/products/html/dinenos/assets/images/bg/bg-image-19.webp]
[themewant.com/products/html/dinenos/assets/images/bg/bg-image-20.webp]
[themewant.com/products/html/dinenos/assets/images/bg/bg-image-21.webp]
[themewant.com/products/html/dinenos/assets/images/bg/bg-image-22.webp]
[themewant.com/products/html/dinenos/assets/images/bg/bg-image-23.webp]
[themewant.com/products/html/dinenos/assets/images/bg/bg-image-24.webp]
[themewant.com/products/html/dinenos/assets/images/bg/bg-image-25.webp]
[themewant.com/products/html/dinenos/assets/images/bg/bg-image-26.webp]
[themewant.com/products/html/dinenos/assets/images/bg/bg-image-27.webp]
[themewant.com/products/html/dinenos/assets/images/bg/bg-image-28.webp]
[themewant.com/products/html/dinenos/assets/images/bg/bg-image-29.webp]
[themewant.com/products/html/dinenos/assets/images/bg/bg-image-30.webp]
[themewant.com/products/html/dinenos/assets/images/bg/bg-image-31.webp]
[themewant.com/products/html/dinenos/assets/images/bg/bg-image-32.webp]
[themewant.com/products/html/dinenos/assets/images/bg/bg-image-33.webp]
[themewant.com/products/html/dinenos/assets/images/bg/bg-image-34.webp]
[themewant.com/products/html/dinenos/assets/images/bg/bg-image-35.webp]
[themewant.com/products/html/dinenos/assets/images/bg/bg-image-36.webp]
[themewant.com/products/html/dinenos/assets/images/bg/bg-image-37.webp]
[themewant.com/products/html/dinenos/assets/images/bg/bg-image-38.webp]
[themewant.com/products/html/dinenos/assets/images/bg/bg-image-39.webp]
[themewant.com/products/html/dinenos/assets/images/bg/bg-image-40.webp]
[themewant.com/products/html/dinenos/assets/images/bg/bg-image-1.png]
[themewant.com/products/html/dinenos/assets/images/bg/bg-image-2.png]
[themewant.com/products/html/dinenos/assets/images/bg/bg-image-3.png]
[themewant.com/products/html/dinenos/assets/images/bg/bg-image-4.png]
[themewant.com/products/html/dinenos/assets/images/bg/bg-image-5.png]
[themewant.com/products/html/dinenos/assets/images/bg/bg-image-6.png]
[themewant.com/products/html/dinenos/assets/images/bg/bg-image-7.png]
[themewant.com/products/html/dinenos/assets/images/bg/bg-image-8.png]
[themewant.com/products/html/dinenos/assets/images/bg/bg-image-9.png]
[themewant.com/products/html/dinenos/assets/images/bg/bg-image-10.png]
[themewant.com/products/html/dinenos/assets/images/bg/bg-image-11.png]
[themewant.com/products/html/dinenos/assets/images/bg/bg-image-12.png]
[themewant.com/products/html/dinenos/assets/images/bg/bg-image-13.png]
[themewant.com/products/html/dinenos/assets/images/bg/bg-image-14.png]
[themewant.com/products/html/dinenos/assets/images/bg/bg-image-15.png]
[themewant.com/products/html/dinenos/assets/images/bg/bg-image-16.png]
[themewant.com/products/html/dinenos/assets/images/bg/bg-image-17.png]
[themewant.com/products/html/dinenos/assets/images/bg/bg-image-18.png]
[themewant.com/products/html/dinenos/assets/images/bg/bg-image-19.png]
[themewant.com/products/html/dinenos/assets/images/bg/bg-image-20.png]
[themewant.com/products/html/dinenos/assets/images/bg/bg-image-7.jpg]
[themewant.com/products/html/dinenos/assets/images/bg/bg-image-8.jpg]
[themewant.com/products/html/dinenos/assets/images/banner/bg-4.webp]
[themewant.com/products/html/dinenos/assets/images/bg/pizza-banner.webp]
[themewant.com/products/html/dinenos/assets/images/bg/coffee-banner.webp]
[themewant.com/products/html/dinenos/assets/images/breadcrumbs/about.webp]
[themewant.com/products/html/dinenos/assets/images/breadcrumbs/chef.jpg]
[themewant.com/products/html/dinenos/assets/images/breadcrumbs/meet-chef.webp]
[themewant.com/products/html/dinenos/assets/images/breadcrumbs/reservation.webp]
[themewant.com/products/html/dinenos/assets/images/breadcrumbs/menu-1.webp]
[themewant.com/products/html/dinenos/assets/images/breadcrumbs/shop.webp]
[themewant.com/products/html/dinenos/assets/images/bg/video-bg.webp]
[themewant.com/products/html/dinenos/assets/images/bg/seafood-bg.webp]
[themewant.com/products/html/dinenos/assets/images/bg/bg-pizza.webp]
[themewant.com/products/html/dinenos/assets/images/bg/menu-section.webp]
[themewant.com/products/html/dinenos/assets/images/blog/bg-01.jpg]
[themewant.com/products/html/dinenos/assets/images/cta/cta-bg.webp]
[themewant.com/products/html/dinenos/assets/images/bg/banner3.webp]
[themewant.com/products/html/dinenos/assets/images/contact/bg-02.webp]
[themewant.com/products/html/dinenos/assets/images/bg/counter-bg.png]
[themewant.com/products/html/dinenos/assets/images/banner/shape/close.png]
[themewant.com/products/html/dinenos/assets/css/style.css]
[themewant.com/products/html/dinenos/assets/images/logo/01.svg]
[themewant.com/products/html/dinenos/assets/images/banner/shape/slider2-shape.webp]
[themewant.com/products/html/dinenos/assets/images/banner/slider2.webp]
[themewant.com/products/html/dinenos/assets/images/about/time.png]
[themewant.com/products/html/dinenos/assets/images/about/about3.png]
[themewant.com/products/html/dinenos/assets/images/about/about4.webp]
[themewant.com/products/html/dinenos/assets/images/about/knife.png]
[themewant.com/products/html/dinenos/assets/images/about/back-icon.png]
[themewant.com/products/html/dinenos/assets/images/about/vector8.webp]
[themewant.com/products/html/dinenos/assets/images/project/05.jpg]
[themewant.com/products/html/dinenos/assets/images/project/06.jpg]
[themewant.com/products/html/dinenos/assets/images/team/01.webp]
[themewant.com/products/html/dinenos/assets/images/team/02.webp]
[themewant.com/products/html/dinenos/assets/images/team/03.webp]
[themewant.com/products/html/dinenos/assets/images/team/04.webp]
[themewant.com/products/html/dinenos/assets/images/team/vector9.webp]
[themewant.com/products/html/dinenos/assets/images/testimonials/quote-1.webp]
[themewant.com/products/html/dinenos/assets/images/testimonials/quote-2.webp]
[themewant.com/products/html/dinenos/assets/images/banner/vector10.webp]
[themewant.com/products/html/dinenos/assets/images/banner/banner-img.webp]
[themewant.com/products/html/dinenos/assets/images/about/round-2.webp]
[themewant.com/products/html/dinenos/assets/images/banner/vector11.webp]
[themewant.com/products/html/dinenos/assets/images/footer/vector-16.webp]
[themewant.com/products/html/dinenos/index-two.html]
[themewant.com/products/html/dinenos/assets/images/logo/02.svg]
[themewant.com/products/html/dinenos/assets/images/banner/victor-13.webp]
[themewant.com/products/html/dinenos/assets/images/banner/banner-img2.webp]
[themewant.com/products/html/dinenos/assets/images/about/about3.webp]
[themewant.com/products/html/dinenos/assets/images/brand/01.webp]
[themewant.com/products/html/dinenos/assets/images/brand/02.webp]
[themewant.com/products/html/dinenos/assets/images/brand/03.webp]
[themewant.com/products/html/dinenos/assets/images/brand/04.webp]
[themewant.com/products/html/dinenos/assets/images/brand/05.webp]
[themewant.com/products/html/dinenos/assets/images/testimonials/quote-3.webp]
[themewant.com/products/html/dinenos/assets/images/testimonials/quote-4.webp]
[themewant.com/products/html/dinenos/assets/images/about/about5.webp]
[themewant.com/products/html/dinenos/assets/images/about/about6.webp]
[themewant.com/products/html/dinenos/assets/images/footer/victor-14.webp]
[themewant.com/products/html/dinenos/assets/images/footer/victor-15.webp]
[themewant.com/products/html/dinenos/pricing-plan.html]
[themewant.com/products/html/dinenos/working-process.html]
[themewant.com/products/html/dinenos/index-three.html]
[themewant.com/products/html/dinenos/assets/images/banner/01.webp]
[themewant.com/products/html/dinenos/assets/images/banner/flame.webp]
[themewant.com/products/html/dinenos/assets/images/banner/04.webp]
[themewant.com/products/html/dinenos/assets/images/banner/05.webp]
[themewant.com/products/html/dinenos/assets/images/banner/02.webp]
[themewant.com/products/html/dinenos/assets/images/banner/03.webp]
[themewant.com/products/html/dinenos/assets/images/banner/tag-1.webp]
[themewant.com/products/html/dinenos/assets/images/project/burger-1.webp]
[themewant.com/products/html/dinenos/assets/images/project/burger-2.webp]
[themewant.com/products/html/dinenos/assets/images/project/burger-3.webp]
[themewant.com/products/html/dinenos/assets/images/project/07.webp]
[themewant.com/products/html/dinenos/assets/images/project/sm-09.webp]
[themewant.com/products/html/dinenos/assets/images/project/sm-10.webp]
[themewant.com/products/html/dinenos/assets/images/project/sm-11.webp]
[themewant.com/products/html/dinenos/assets/images/project/vector3.png]
[themewant.com/products/html/dinenos/assets/images/project/08.webp]
[themewant.com/products/html/dinenos/assets/images/gallery/gallery-img-05.webp]
[themewant.com/products/html/dinenos/assets/images/gallery/gallery-img-06.webp]
[themewant.com/products/html/dinenos/assets/images/gallery/gallery-img-07.webp]
[themewant.com/products/html/dinenos/assets/images/gallery/gallery-img-08.webp]
[themewant.com/products/html/dinenos/index-four.html]
[themewant.com/products/html/dinenos/assets/images/about/about7.jpg]
[themewant.com/products/html/dinenos/assets/images/about/about8.jpg]
[themewant.com/products/html/dinenos/assets/images/service/icon/01.png]
[themewant.com/products/html/dinenos/assets/images/service/icon/02.png]
[themewant.com/products/html/dinenos/assets/images/service/icon/03.png]
[themewant.com/products/html/dinenos/index-five.html]
[themewant.com/products/html/dinenos/index-six.html]
[themewant.com/products/html/dinenos/assets/images/project/pizza-01.jpg]
[themewant.com/products/html/dinenos/assets/images/project/pizza-02.jpg]
[themewant.com/products/html/dinenos/assets/images/project/pizza-03.jpg]
[themewant.com/products/html/dinenos/assets/images/project/sm-12.webp]
[themewant.com/products/html/dinenos/assets/images/project/sm-13.jpg]
[themewant.com/products/html/dinenos/assets/images/project/sm-14.webp]
[themewant.com/products/html/dinenos/assets/images/project/sm-15.webp]
[themewant.com/products/html/dinenos/assets/images/project/sm-16.webp]
[themewant.com/products/html/dinenos/assets/images/project/sm-17.webp]
[themewant.com/products/html/dinenos/assets/images/project/sm-18.webp]
[themewant.com/products/html/dinenos/assets/images/project/sm-19.webp]
[themewant.com/products/html/dinenos/assets/images/project/sm-20.webp]
[themewant.com/products/html/dinenos/assets/images/project/sm-21.jpg]
[themewant.com/products/html/dinenos/index-seven.html]
[themewant.com/products/html/dinenos/assets/images/about/about7.webp]
[themewant.com/products/html/dinenos/assets/images/project/09.webp]
[themewant.com/products/html/dinenos/assets/images/project/10.jpg]
[themewant.com/products/html/dinenos/assets/images/project/sm-22.jpg]
[themewant.com/products/html/dinenos/assets/images/project/sm-23.jpg]
[themewant.com/products/html/dinenos/assets/images/project/sm-24.jpg]
[themewant.com/products/html/dinenos/assets/images/project/sm-25.jpg]
[themewant.com/products/html/dinenos/assets/images/project/11.webp]
[themewant.com/products/html/dinenos/assets/images/project/Coffee-Video.mp4]
[themewant.com/products/html/dinenos/index-eight.html]
[themewant.com/products/html/dinenos/assets/images/bg/coffee-banner-sm.webp]
[themewant.com/products/html/dinenos/about.html]
[themewant.com/products/html/dinenos/assets/images/team/05.webp]
[themewant.com/products/html/dinenos/assets/images/team/06.webp]
[themewant.com/products/html/dinenos/assets/images/team/07.webp]
[themewant.com/products/html/dinenos/assets/images/team/08.webp]
[themewant.com/products/html/dinenos/our-chef.html]
[themewant.com/products/html/dinenos/assets/images/team/01-big.webp]
[themewant.com/products/html/dinenos/meet-the-chef.html]
[themewant.com/products/html/dinenos/reservation.html]
[themewant.com/products/html/dinenos/contact.html]
[themewant.com/products/html/dinenos/assets/images/project/12.jpg]
[themewant.com/products/html/dinenos/assets/images/project/13.jpg]
[themewant.com/products/html/dinenos/menu.html]
[themewant.com/products/html/dinenos/menu-list.html]
[themewant.com/products/html/dinenos/assets/images/project/14.jpg]
[themewant.com/products/html/dinenos/assets/images/project/11.jpg]
[themewant.com/products/html/dinenos/menu-list2.html]
[themewant.com/products/html/dinenos/menu-section.html]
[themewant.com/products/html/dinenos/shop.html]
[themewant.com/products/html/dinenos/assets/images/shop/01.jpg]
[themewant.com/products/html/dinenos/assets/images/project/sm-21.webp]
[themewant.com/products/html/dinenos/single-product.html]
[themewant.com/products/html/dinenos/shop-details.html]
[themewant.com/products/html/dinenos/cart.html]
[themewant.com/products/html/dinenos/checkout.html]
[themewant.com/products/html/dinenos/account.html]
[themewant.com/products/html/dinenos/assets/images/blog/blog-05.jpg]
[themewant.com/products/html/dinenos/assets/images/blog/blog-02-1.jpg]
[themewant.com/products/html/dinenos/assets/images/blog/blog-03-1.webp]
[themewant.com/products/html/dinenos/assets/images/blog/blog-sm-01.jpg]
[themewant.com/products/html/dinenos/assets/images/blog/blog-sm-02.jpg]
[themewant.com/products/html/dinenos/assets/images/blog/blog-sm-03.webp]
[themewant.com/products/html/dinenos/blog.html]
[themewant.com/products/html/dinenos/assets/images/blog/blog-04-1.jpg]
[themewant.com/products/html/dinenos/assets/images/blog/inner-blog.png]
[themewant.com/products/html/dinenos/assets/images/blog/author.png]
[themewant.com/products/html/dinenos/blog-details.html]
[themewant.com/products/html/dinenos/mail-to_office@webmailfree.html]
[themewant.com/products/html/dinenos/mail-to_info@webmail.html]
[themewant.com/products/html/dinenos/assets/js/plugins/jquery.min.js]
[themewant.com/products/html/dinenos/assets/js/vendor/jqueryui.js]
[themewant.com/products/html/dinenos/assets/js/plugins/counter-up.js]
[themewant.com/products/html/dinenos/assets/js/plugins/swiper.js]
[themewant.com/products/html/dinenos/assets/js/vendor/twinmax.js]
[themewant.com/products/html/dinenos/Version/index.html]
[themewant.com/products/html/dinenos/assets/js/vendor/aos.js]
[themewant.com/products/html/dinenos/version/index-2.html]
[themewant.com/products/html/dinenos/assets/js/vendor/isotope.pkgd.min.js]
[themewant.com/products/html/dinenos/assets/js/vendor/split-text.js]
[themewant.com/products/html/dinenos/assets/js/plugins/text-plugins.js]
[themewant.com/products/html/dinenos/assets/js/plugins/metismenu.js]
[themewant.com/products/html/dinenos/assets/js/plugins/waypoint.js]
[themewant.com/products/html/dinenos/assets/js/vendor/metisMenu.min.js]
[themewant.com/products/html/dinenos/assets/js/vendor/wow.js]
[themewant.com/products/html/dinenos/assets/js/plugins/jquery-ui.js]
[themewant.com/products/html/dinenos/assets/js/plugins/jquery-timepicker.js]
[themewant.com/products/html/dinenos/assets/js/plugins/magnific-popup.js]
[themewant.com/products/html/dinenos/assets/js/vendor/sal.min.js]
[themewant.com/products/html/dinenos/assets/js/plugins/bootstrap.min.js]
[themewant.com/products/html/dinenos/assets/js/plugins/jquery-slideNav.js]
[themewant.com/products/html/dinenos/assets/js/vendor/hover-revel.js]
[themewant.com/products/html/dinenos/assets/js/plugins/swip-img.js]
[themewant.com/products/html/dinenos/assets/js/main.js]
[themewant.com/products/html/dinenos/assets/images/bg/bg-image-7.html]
[themewant.com/products/html/dinenos/assets/images/bg/bg-image-8.html]
[themewant.com/products/html/dinenos/assets/images/bg/bg-image-9.html]
[themewant.com/products/html/dinenos/assets/images/bg/bg-image-10.html]
[themewant.com/products/html/dinenos/assets/images/bg/bg-image-11.html]
[themewant.com/products/html/dinenos/assets/images/bg/bg-image-12.html]
[themewant.com/products/html/dinenos/assets/images/bg/bg-image-13.html]
[themewant.com/products/html/dinenos/assets/images/bg/bg-image-14.html]
[themewant.com/products/html/dinenos/assets/images/bg/bg-image-15.html]
[themewant.com/products/html/dinenos/assets/images/bg/bg-image-16.html]
[themewant.com/products/html/dinenos/assets/images/bg/bg-image-17.html]
[themewant.com/products/html/dinenos/assets/images/bg/bg-image-18.html]
[themewant.com/products/html/dinenos/assets/images/bg/bg-image-19.html]
[themewant.com/products/html/dinenos/assets/images/bg/bg-image-20.html]
[themewant.com/products/html/dinenos/assets/images/bg/bg-image-21.html]
[themewant.com/products/html/dinenos/assets/images/bg/bg-image-22.html]
[themewant.com/products/html/dinenos/assets/images/bg/bg-image-23.html]
[themewant.com/products/html/dinenos/assets/images/bg/bg-image-24.html]
[themewant.com/products/html/dinenos/assets/images/bg/bg-image-25.html]
[themewant.com/products/html/dinenos/assets/images/bg/bg-image-26.html]
[themewant.com/products/html/dinenos/assets/images/bg/bg-image-27.html]
[themewant.com/products/html/dinenos/assets/images/bg/bg-image-28.html]
[themewant.com/products/html/dinenos/assets/images/bg/bg-image-29.html]
[themewant.com/products/html/dinenos/assets/images/bg/bg-image-30.html]
[themewant.com/products/html/dinenos/assets/images/bg/bg-image-31.html]
[themewant.com/products/html/dinenos/assets/images/bg/bg-image-32.html]
[themewant.com/products/html/dinenos/assets/images/bg/bg-image-33.html]
[themewant.com/products/html/dinenos/assets/images/bg/bg-image-34.html]
[themewant.com/products/html/dinenos/assets/images/bg/bg-image-35.html]
[themewant.com/products/html/dinenos/assets/images/bg/bg-image-36.html]
[themewant.com/products/html/dinenos/assets/images/bg/bg-image-37.html]
[themewant.com/products/html/dinenos/assets/images/bg/bg-image-38.html]
[themewant.com/products/html/dinenos/assets/images/bg/bg-image-39.html]
[themewant.com/products/html/dinenos/assets/images/bg/bg-image-40.html]
[themewant.com/products/html/dinenos/assets/images/bg/bg-image-1.html]
[themewant.com/products/html/dinenos/assets/images/bg/bg-image-2.html]
[themewant.com/products/html/dinenos/assets/images/bg/bg-image-3.html]
[themewant.com/products/html/dinenos/assets/images/bg/bg-image-4.html]
[themewant.com/products/html/dinenos/assets/images/bg/bg-image-5.html]
[themewant.com/products/html/dinenos/assets/images/bg/bg-image-6.html]
[themewant.com/products/html/dinenos/assets/images/bg/bg-image-41.html]
[themewant.com/products/html/dinenos/assets/images/bg/bg-image-42.html]
[themewant.com/products/html/dinenos/assets/images/bg/bg-image-43.html]
[themewant.com/products/html/dinenos/assets/images/bg/bg-image-44.html]
[themewant.com/products/html/dinenos/assets/images/bg/bg-image-45.html]
[themewant.com/products/html/dinenos/assets/images/bg/bg-image-46.html]
[themewant.com/products/html/dinenos/assets/images/bg/bg-image-47.html]
[themewant.com/products/html/dinenos/assets/images/bg/bg-image-48.html]
[themewant.com/products/html/dinenos/assets/images/bg/bg-image-49.html]
[themewant.com/products/html/dinenos/assets/images/bg/bg-image-50.html]
[themewant.com/products/html/dinenos/assets/images/bg/bg-image-51.html]
[themewant.com/products/html/dinenos/assets/images/bg/bg-image-52.html]
[themewant.com/products/html/dinenos/assets/images/bg/bg-image-53.html]
[themewant.com/products/html/dinenos/assets/images/bg/bg-image-54.html]
[themewant.com/products/html/dinenos/assets/images/bg/bg-image-55.html]
[themewant.com/products/html/dinenos/assets/images/bg/bg-image-56.html]
[themewant.com/products/html/dinenos/assets/images/logo/02.svg]
[themewant.com/products/html/dinenos/pricing-plan.html]
[themewant.com/products/html/dinenos/working-process.html]
[themewant.com/products/html/dinenos/dist/index.html]
[themewant.com/products/html/dinenos/single-product.html]
[themewant.com/products/html/dinenos/Version/index.html]
[themewant.com/products/html/dinenos/version/index-2.html]
[themewant.com/products/html/dinenos/dist/index.html]
